▲ Next.js 16.3.7 (Turbopack)
- Environments: .env.local, .env
⚠ Warning: Next.js ignored package-lock.json in /home/niico because it is outside the current Git repository (/home/niico/loja-camisas).
 To use this directory, set `turbopack.root` in your Next.js config.

✓ Running next.config.ts took 23ms

  Creating an optimized production build ...

> Build error occurred
Error: Turbopack build failed with 2 errors:
./src/components/Footer.tsx:2:1
Error: Export Facebook doesn't exist in target module
  [90m1 |[0m [36mimport[0m [33mLink[0m [36mfrom[0m [32m'next/link'[0m;
[31m[1m>[0m [90m2 |[0m [36mimport[0m { [33mInstagram[0m, [33mFacebook[0m, [33mMusic2[0m } [36mfrom[0m [32m'lucide-react'[0m;
  [90m  |[0m [31m[1m^^^^^^^^^^^^^^^^^^^^^^^^^^^^^^^^^^^^^^^^^^^^^^^^^^^^^^^^^^^[0m
  [90m3 |[0m
  [90m4 |[0m [36mexport[0m [36mdefault[0m [36mfunction[0m [33mFooter[0m() {
  [90m5 |[0m   [36mreturn[0m (

The export Facebook was not found in module [project]/node_modules/lucide-react/dist/esm/lucide-react.mjs [app-rsc] (ecmascript).
Did you mean to import Webhook?
All exports of the module are statically known (It doesn't have dynamic exports). So it's known statically that the requested export doesn't exist.

Import trace:
  Server Component:
    ./src/components/Footer.tsx
    ./src/app/layout.tsx


./src/components/Footer.tsx:2:1
Error: Export Instagram doesn't exist in target module
  [90m1 |[0m [36mimport[0m [33mLink[0m [36mfrom[0m [32m'next/link'[0m;
[31m[1m>[0m [90m2 |[0m [36mimport[0m { [33mInstagram[0m, [33mFacebook[0m, [33mMusic2[0m } [36mfrom[0m [32m'lucide-react'[0m;
  [90m  |[0m [31m[1m^^^^^^^^^^^^^^^^^^^^^^^^^^^^^^^^^^^^^^^^^^^^^^^^^^^^^^^^^^^[0m
  [90m3 |[0m
  [90m4 |[0m [36mexport[0m [36mdefault[0m [36mfunction[0m [33mFooter[0m() {
  [90m5 |[0m   [36mreturn[0m (

The export Instagram was not found in module [project]/node_modules/lucide-react/dist/esm/lucide-react.mjs [app-rsc] (ecmascript).
Did you mean to import Star?
All exports of the module are statically known (It doesn't have dynamic exports). So it's known statically that the requested export doesn't exist.

Import trace:
  Server Component:
    ./src/components/Footer.tsx
    ./src/app/layout.tsx


    at <unknown> (./src/components/Footer.tsx:2:1)
    at <unknown> (./src/components/Footer.tsx:2:1)
